<html>
<body>
<pre>
<h1>µVision Build Log</h1>
<h2>Tool Versions:</h2>
IDE-Version: µVision V5.28.0.0
Copyright (C) 2019 ARM Ltd and ARM Germany GmbH. All rights reserved.
License Information: fdfadfa serbay.ozkan, fdafadf, LIC=VB401-CXIW1-UVQ1X-HW9TV-JHCEX-LV8UG
 
Tool Versions:
Toolchain:       MDK-ARM Basic (256K)  Version: 5.28.0.0
Toolchain Path:  C:\Keil_v5_2\ARM\ARMCLANG\Bin
C Compiler:      ArmClang.exe V6.12
Assembler:       Armasm.exe V6.12
Linker/Locator:  ArmLink.exe V6.12
Library Manager: ArmAr.exe V6.12
Hex Converter:   FromElf.exe V6.12
CPU DLL:         SARMCM3.DLL V5.28.0.0
Dialog DLL:      DCM.DLL V1.17.3.0
Target DLL:      Segger\JL2CM3.dll V2.99.36.0
Dialog DLL:      TCM.DLL V1.36.2.0
 
<h2>Project:</h2>
C:\Users\serbay.ozkan\Desktop\SerbayGitHubRepo\Cpputest_stm32_keil\MDK-ARM\CPPUTest.uvprojx
Project File Date:  10/16/2019

<h2>Output:</h2>
*** Using Compiler 'V6.12', folder: 'C:\Keil_v5_2\ARM\ARMCLANG\Bin'
*** Warning: You are compiling one or more files of source type C++ and have selected 'use MicroLIB'. MicroLIB does not support C++!
  
Build target 'CPPUTest'
compiling UnitTest.cpp...
linking...
Program Size: Code=53796 RO-data=17712 RW-data=180 ZI-data=43860  
"CPPUTest\CPPUTest.axf" - 0 Error(s), 0 Warning(s).

<h2>Software Packages used:</h2>

Package Vendor: ARM
                http://www.keil.com/pack/ARM.CMSIS.5.5.1.pack
                ARM.CMSIS.5.5.1
                CMSIS (Cortex Microcontroller Software Interface Standard)
   * Component: CORE Version: 5.2.0

Package Vendor: Keil
                https://www.keil.com/pack/Keil.STM32F7xx_DFP.2.12.0.pack
                Keil.STM32F7xx_DFP.2.12.0
                STMicroelectronics STM32F7 Series Device Support, Drivers and Examples

<h2>Collection of Component include folders:</h2>
  .\RTE\_CPPUTest
  C:\Users\serbay.ozkan\AppData\Local\Arm\Packs\ARM\CMSIS\5.5.1\CMSIS\Core\Include
  C:\Users\serbay.ozkan\AppData\Local\Arm\Packs\Keil\STM32F7xx_DFP\2.12.0\Drivers\CMSIS\Device\ST\STM32F7xx\Include

<h2>Collection of Component Files used:</h2>

   * Component: ARM::CMSIS:CORE:5.2.0
Build Time Elapsed:  00:00:05
</pre>
</body>
</html>
